0 verbose cli /usr/bin/node /usr/bin/npm
1 info using npm@9.2.0
2 info using node@v18.19.1
3 timing npm:load:whichnode Completed in 1ms
4 timing config:load:defaults Completed in 9ms
5 timing config:load:file:/usr/share/nodejs/npm/npmrc Completed in 7ms
6 timing config:load:builtin Completed in 9ms
7 timing config:load:cli Completed in 5ms
8 timing config:load:env Completed in 2ms
9 timing config:load:file:/home/sameer/SMART-SERVE/backend/.npmrc Completed in 0ms
10 timing config:load:project Completed in 7ms
11 timing config:load:file:/home/sameer/.npmrc Completed in 0ms
12 timing config:load:user Completed in 1ms
13 timing config:load:file:/etc/npmrc Completed in 0ms
14 timing config:load:global Completed in 0ms
15 timing config:load:setEnvs Completed in 2ms
16 timing config:load Completed in 36ms
17 timing npm:load:configload Completed in 38ms
18 timing npm:load:mkdirpcache Completed in 1ms
19 timing npm:load:mkdirplogs Completed in 1ms
20 verbose title npm install
21 verbose argv "install"
22 timing npm:load:setTitle Completed in 5ms
23 timing config:load:flatten Completed in 10ms
24 timing npm:load:display Completed in 14ms
25 verbose logfile logs-max:10 dir:/home/sameer/SMART-SERVE/.npm/_logs/2026-08-13T19_37_16_123Z-
26 verbose logfile /home/sameer/SMART-SERVE/.npm/_logs/2026-08-13T19_37_16_123Z-debug-0.log
27 timing npm:load:logFile Completed in 46ms
28 timing npm:load:timers Completed in 0ms
29 timing npm:load:configScope Completed in 1ms
30 timing npm:load Completed in 111ms
31 silly logfile done cleaning log files
32 timing config:load:flatten Completed in 3ms
33 timing arborist:ctor Completed in 5ms
34 timing arborist:ctor Completed in 1ms
35 timing idealTree:init Completed in 94ms
36 timing idealTree:userRequests Completed in 1ms
37 silly idealTree buildDeps
38 silly fetch manifest @prisma/client@^5.22.0
39 silly fetch manifest bcryptjs@^3.0.3
40 silly fetch manifest cloudinary@^2.10.0
41 silly fetch manifest cors@^2.8.6
